// Jest Snapshot v1, https://goo.gl/fbAQLP

exports[`Portfolio page should render a list of links to projects 1`] = `
Array [
  <article>
    <h1
      className="display-4"
    >
      Welcome!
    </h1>
    <p
      className="lead text-dark"
    >
      Below is the many projects demonstrating my programming prowess, primarily in Full-Stack JavaScript. Many of the below projects also have live demos, the links to which are provided in the detail page for such projects.
    </p>
  </article>,
  <hr />,
  <article>
    <ul
      className="list-unstyled row"
    >
      <li
        className="col-lg-4 col-md-6 col-12"
        data-testid="project-item"
      >
        <a
          aria-label="project-2b6945cc-7906-4094-a407-cc6fa2cf6013"
          className="text-decoration-none"
          href="/projects/2b6945cc-7906-4094-a407-cc6fa2cf6013"
          onClick={[Function]}
          onMouseEnter={[Function]}
        >
          <img
            alt="Landing image for \\"Project #1\\""
            className="img-fluid img-thumbnail"
            src="https://place-hold.it/640x480"
          />
          <span
            className="sc-bdfBwQ dHJqBU project-title mb-4 d-inline-block text-center text-uppercase w-100"
          >
            Project #1
          </span>
        </a>
      </li>
      <li
        className="col-lg-4 col-md-6 col-12"
        data-testid="project-item"
      >
        <a
          aria-label="project-2c6d76bc-2975-4c30-ae50-1b6141acb291"
          className="text-decoration-none"
          href="/projects/2c6d76bc-2975-4c30-ae50-1b6141acb291"
          onClick={[Function]}
          onMouseEnter={[Function]}
        >
          <img
            alt="Landing image for \\"Project #2\\""
            className="img-fluid img-thumbnail"
            src="https://place-hold.it/640x480"
          />
          <span
            className="sc-bdfBwQ dHJqBU project-title mb-4 d-inline-block text-center text-uppercase w-100"
          >
            Project #2
          </span>
        </a>
      </li>
      <li
        className="col-lg-4 col-md-6 col-12"
        data-testid="project-item"
      >
        <a
          aria-label="project-01581072-42d4-4d3f-afc6-9e4adf0c2b5b"
          className="text-decoration-none"
          href="/projects/01581072-42d4-4d3f-afc6-9e4adf0c2b5b"
          onClick={[Function]}
          onMouseEnter={[Function]}
        >
          <img
            alt="Landing image for \\"Project #3\\""
            className="img-fluid img-thumbnail"
            src="https://place-hold.it/640x480"
          />
          <span
            className="sc-bdfBwQ dHJqBU project-title mb-4 d-inline-block text-center text-uppercase w-100"
          >
            Project #3
          </span>
        </a>
      </li>
    </ul>
  </article>,
]
`;
