// Jest Snapshot v1, https://goo.gl/fbAQLP

exports[`Portfolio page should render a list of links to projects 1`] = `
Array [
  <article>
    <h1
      className="display-4"
    >
      Welcome!
    </h1>
    <p
      className="lead text-dark"
    >
      Below is the many projects demonstrating my programming prowess, primarily in Full-Stack JavaScript. Many of the below projects also have live demos, the links to which are provided in the detail page for such projects.
    </p>
  </article>,
  <hr />,
  <article>
    <ul
      className="list-unstyled row"
    >
      <li
        className="col-lg-4 col-md-6 col-12"
        data-testid="project-item"
      >
        <a
          aria-label="project-945bc390-1a6e-40c5-8c22-5a2011aa975c"
          className="text-decoration-none"
          href="/projects/945bc390-1a6e-40c5-8c22-5a2011aa975c"
          onClick={[Function]}
          onMouseEnter={[Function]}
        >
          <img
            alt="Landing image for \\"Project #1\\""
            className="img-fluid img-thumbnail"
            src="https://place-hold.it/640x480"
          />
          <span
            className="sc-bdfBwQ dHJqBU project-title mb-4 d-inline-block text-center text-uppercase w-100"
          >
            Project #1
          </span>
        </a>
      </li>
      <li
        className="col-lg-4 col-md-6 col-12"
        data-testid="project-item"
      >
        <a
          aria-label="project-98ab5f5f-7284-4101-88d9-856d4d584af0"
          className="text-decoration-none"
          href="/projects/98ab5f5f-7284-4101-88d9-856d4d584af0"
          onClick={[Function]}
          onMouseEnter={[Function]}
        >
          <img
            alt="Landing image for \\"Project #2\\""
            className="img-fluid img-thumbnail"
            src="https://place-hold.it/640x480"
          />
          <span
            className="sc-bdfBwQ dHJqBU project-title mb-4 d-inline-block text-center text-uppercase w-100"
          >
            Project #2
          </span>
        </a>
      </li>
      <li
        className="col-lg-4 col-md-6 col-12"
        data-testid="project-item"
      >
        <a
          aria-label="project-cdbcf90e-d02d-4735-9b91-4313bcb9e642"
          className="text-decoration-none"
          href="/projects/cdbcf90e-d02d-4735-9b91-4313bcb9e642"
          onClick={[Function]}
          onMouseEnter={[Function]}
        >
          <img
            alt="Landing image for \\"Project #3\\""
            className="img-fluid img-thumbnail"
            src="https://place-hold.it/640x480"
          />
          <span
            className="sc-bdfBwQ dHJqBU project-title mb-4 d-inline-block text-center text-uppercase w-100"
          >
            Project #3
          </span>
        </a>
      </li>
    </ul>
  </article>,
]
`;
